2026-07-17T14:36:40.377Z [INFO]: # Build environment configured with Standard build compute type: 8GiB Memory, 4vCPUs, 128GB Disk Space
2026-07-17T14:36:40.854Z [INFO]: # Cloning repository: git@github.com:lionelishi21/yaadfeed.git
2026-07-17T14:36:42.776Z [INFO]: 
2026-07-17T14:36:42.777Z [INFO]: Cloning into 'yaadfeed'...
2026-07-17T14:36:42.777Z [INFO]: # Checking for Git submodules at: /codebuild/output/src434220280/src/yaadfeed/.gitmodules
2026-07-17T14:36:42.787Z [INFO]: # Retrieving environment cache...
2026-07-17T14:36:42.839Z [WARNING]: ! Unable to write cache: {"code":"ERR_BAD_REQUEST","message":"Request failed with status code 404"})}
2026-07-17T14:36:42.839Z [INFO]: ---- Setting Up SSM Secrets ----
2026-07-17T14:36:42.839Z [INFO]: SSM params {"Path":"/amplify/d6x92c1kmhld0/main/","WithDecryption":true}
2026-07-17T14:36:45.802Z [INFO]: # Patching NPM package '@aws-amplify/cli' from 14.0.0 to 14.5.1...
2026-07-17T14:37:20.964Z [INFO]: # Installed '@aws-amplify/cli@14.5.1'
2026-07-17T14:37:21.066Z [INFO]: # Done patching NPM package '@aws-amplify/cli' to version 14.5.1
2026-07-17T14:37:21.077Z [INFO]: # Retrieving cache...
2026-07-17T14:37:21.135Z [INFO]: # Retrieved cache
2026-07-17T14:37:24.922Z [INFO]: ## Successfully created new backend environment
2026-07-17T14:37:25.648Z [INFO]: ## Starting Backend Build
                                 ## Checking for associated backend environment...
                                 ## Backend environment association found
2026-07-17T14:37:27.227Z [WARNING]: ⚠️  WARNING: AWS Amplify Gen 1 CLI is in maintenance mode and will reach end of life on May 1, 2027.
                                    During maintenance mode, only critical bug fixes and security patches will be provided.
                                    Migrate to Amplify Gen 2: https://docs.amplify.aws/react/start/migrate-to-gen2/
2026-07-17T14:37:28.730Z [INFO]: [0mAmplify AppID found: d6x92c1kmhld0. Amplify App name is: yaadfeed[0m
2026-07-17T14:37:28.772Z [INFO]: [0mBackend environment main found in Amplify Console app: yaadfeed[0m
2026-07-17T14:37:30.282Z [WARNING]: - Fetching updates to backend environment: main from the cloud.
2026-07-17T14:37:30.631Z [WARNING]: - Building resource api/api908c5bdf
2026-07-17T14:37:30.689Z [WARNING]: - Building resource auth/yaadfeedappnew
2026-07-17T14:37:30.765Z [WARNING]: ✔ Successfully pulled backend environment main from the cloud.
2026-07-17T14:37:30.813Z [INFO]: ✅
2026-07-17T14:37:32.535Z [WARNING]: ⚠️  WARNING: AWS Amplify Gen 1 CLI is in maintenance mode and will reach end of life on May 1, 2027.
                                    During maintenance mode, only critical bug fixes and security patches will be provided.
                                    Migrate to Amplify Gen 2: https://docs.amplify.aws/react/start/migrate-to-gen2/
2026-07-17T14:37:33.665Z [INFO]: [33mNote: It is recommended to run this command from the root of your app directory[39m
2026-07-17T14:37:35.118Z [WARNING]: - Initializing your environment: main
2026-07-17T14:37:35.401Z [WARNING]: - Building resource api/api908c5bdf
2026-07-17T14:37:35.463Z [WARNING]: - Building resource auth/yaadfeedappnew
2026-07-17T14:37:35.528Z [WARNING]: ✔ Initialized provider successfully.
2026-07-17T14:37:37.901Z [WARNING]: - Uploading files.
2026-07-17T14:37:38.019Z [WARNING]: - Building resource api/api908c5bdf
2026-07-17T14:37:38.033Z [WARNING]: - Building resource auth/yaadfeedappnew
2026-07-17T14:37:43.845Z [INFO]: 
2026-07-17T14:37:43.851Z [INFO]: UPDATE_IN_PROGRESS amplify-yaadfeed-main-07165    AWS::CloudFormation::Stack Fri Jul 17 2026 14:37:38 GMT+0000 (Coordinated Universal Time) User Initiated
                                 CREATE_IN_PROGRESS hostingS3AndCloudFront         AWS::CloudFormation::Stack Fri Jul 17 2026 14:37:43 GMT+0000 (Coordinated Universal Time)
                                 CREATE_IN_PROGRESS functionyaadfeedappnew1c498b4c AWS::CloudFormation::Stack Fri Jul 17 2026 14:37:43 GMT+0000 (Coordinated Universal Time)
2026-07-17T14:37:48.845Z [INFO]: 
2026-07-17T14:37:48.851Z [INFO]: UPDATE_IN_PROGRESS UnauthRole                     AWS::IAM::Role             Fri Jul 17 2026 14:37:44 GMT+0000 (Coordinated Universal Time)
                                 UPDATE_IN_PROGRESS AuthRole                       AWS::IAM::Role             Fri Jul 17 2026 14:37:44 GMT+0000 (Coordinated Universal Time)
                                 CREATE_IN_PROGRESS hostingS3AndCloudFront         AWS::CloudFormation::Stack Fri Jul 17 2026 14:37:44 GMT+0000 (Coordinated Universal Time) Resource creation Initiated
                                 UPDATE_IN_PROGRESS DeploymentBucket               AWS::S3::Bucket            Fri Jul 17 2026 14:37:44 GMT+0000 (Coordinated Universal Time)
                                 CREATE_IN_PROGRESS functionyaadfeedappnew1c498b4c AWS::CloudFormation::Stack Fri Jul 17 2026 14:37:44 GMT+0000 (Coordinated Universal Time) Resource creation Initiated
2026-07-17T14:37:48.921Z [INFO]: 
2026-07-17T14:37:48.921Z [INFO]: CREATE_IN_PROGRESS amplify-yaadfeed-main-07165-functionyaadfeedappnew1c498b4c-1HAO8E5HQESRZ AWS::CloudFormation::Stack Fri Jul 17 2026 14:37:44 GMT+0000 (Coordinated Universal Time) User Initiated
                                 CREATE_IN_PROGRESS LambdaExecutionRole                                                      AWS::IAM::Role             Fri Jul 17 2026 14:37:47 GMT+0000 (Coordinated Universal Time)
2026-07-17T14:37:49.024Z [INFO]: 
2026-07-17T14:37:49.025Z [INFO]: CREATE_IN_PROGRESS amplify-yaadfeed-main-07165-hostingS3AndCloudFront-BW84H5CFWYLG AWS::CloudFormation::Stack                      Fri Jul 17 2026 14:37:44 GMT+0000 (Coordinated Universal Time) User Initiated
                                 CREATE_IN_PROGRESS S3Bucket                                                        AWS::S3::Bucket                                 Fri Jul 17 2026 14:37:47 GMT+0000 (Coordinated Universal Time)
                                 CREATE_IN_PROGRESS OriginAccessIdentity                                            AWS::CloudFront::CloudFrontOriginAccessIdentity Fri Jul 17 2026 14:37:47 GMT+0000 (Coordinated Universal Time)
                                 CREATE_IN_PROGRESS OriginAccessIdentity                                            AWS::CloudFront::CloudFrontOriginAccessIdentity Fri Jul 17 2026 14:37:48 GMT+0000 (Coordinated Universal Time) Resource creation Initiated
                                 CREATE_IN_PROGRESS S3Bucket                                                        AWS::S3::Bucket                                 Fri Jul 17 2026 14:37:48 GMT+0000 (Coordinated Universal Time) Resource creation Initiated
2026-07-17T14:37:49.225Z [INFO]: 
2026-07-17T14:37:49.225Z [INFO]: CREATE_IN_PROGRESS LambdaExecutionRole AWS::IAM::Role Fri Jul 17 2026 14:37:48 GMT+0000 (Coordinated Universal Time) Resource creation Initiated
2026-07-17T14:37:59.032Z [INFO]: 
2026-07-17T14:37:59.037Z [INFO]: CREATE_COMPLETE OriginAccessIdentity AWS::CloudFront::CloudFrontOriginAccessIdentity Fri Jul 17 2026 14:37:49 GMT+0000 (Coordinated Universal Time)
2026-07-17T14:38:18.879Z [INFO]: 
2026-07-17T14:38:18.886Z [INFO]: UPDATE_COMPLETE    AuthRole                       AWS::IAM::Role             Fri Jul 17 2026 14:38:00 GMT+0000 (Coordinated Universal Time)
                                 UPDATE_COMPLETE    UnauthRole                     AWS::IAM::Role             Fri Jul 17 2026 14:38:00 GMT+0000 (Coordinated Universal Time)
                                 CREATE_IN_PROGRESS UpdateRolesWithIDPFunctionRole AWS::IAM::Role             Fri Jul 17 2026 14:38:01 GMT+0000 (Coordinated Universal Time)
                                 CREATE_IN_PROGRESS authyaadfeedappnew             AWS::CloudFormation::Stack Fri Jul 17 2026 14:38:01 GMT+0000 (Coordinated Universal Time)
                                 CREATE_IN_PROGRESS UpdateRolesWithIDPFunctionRole AWS::IAM::Role             Fri Jul 17 2026 14:38:02 GMT+0000 (Coordinated Universal Time) Resource creation Initiated
                                 CREATE_IN_PROGRESS authyaadfeedappnew             AWS::CloudFormation::Stack Fri Jul 17 2026 14:38:02 GMT+0000 (Coordinated Universal Time) Resource creation Initiated
                                 UPDATE_COMPLETE    DeploymentBucket               AWS::S3::Bucket            Fri Jul 17 2026 14:38:07 GMT+0000 (Coordinated Universal Time)
2026-07-17T14:38:18.936Z [INFO]: 
2026-07-17T14:38:18.938Z [INFO]: CREATE_IN_PROGRESS amplify-yaadfeed-main-07165-authyaadfeedappnew-1JXAT58RT4O07 AWS::CloudFormation::Stack               Fri Jul 17 2026 14:38:02 GMT+0000 (Coordinated Universal Time) User Initiated
                                 CREATE_IN_PROGRESS UserPool                                                     AWS::Cognito::UserPool                   Fri Jul 17 2026 14:38:05 GMT+0000 (Coordinated Universal Time)
                                 CREATE_IN_PROGRESS UserPoolClientRole                                           AWS::IAM::Role                           Fri Jul 17 2026 14:38:05 GMT+0000 (Coordinated Universal Time)
                                 CREATE_IN_PROGRESS UserPoolClientRole                                           AWS::IAM::Role                           Fri Jul 17 2026 14:38:06 GMT+0000 (Coordinated Universal Time) Resource creation Initiated
                                 CREATE_IN_PROGRESS UserPool                                                     AWS::Cognito::UserPool                   Fri Jul 17 2026 14:38:07 GMT+0000 (Coordinated Universal Time) Resource creation Initiated
                                 CREATE_COMPLETE    UserPool                                                     AWS::Cognito::UserPool                   Fri Jul 17 2026 14:38:08 GMT+0000 (Coordinated Universal Time)
                                 CREATE_IN_PROGRESS UserPoolClientWeb                                            AWS::Cognito::UserPoolClient             Fri Jul 17 2026 14:38:09 GMT+0000 (Coordinated Universal Time)
                                 CREATE_IN_PROGRESS UserPoolClient                                               AWS::Cognito::UserPoolClient             Fri Jul 17 2026 14:38:09 GMT+0000 (Coordinated Universal Time)
                                 CREATE_IN_PROGRESS UserPoolClientWeb                                            AWS::Cognito::UserPoolClient             Fri Jul 17 2026 14:38:10 GMT+0000 (Coordinated Universal Time) Resource creation Initiated
                                 CREATE_IN_PROGRESS UserPoolClient                                               AWS::Cognito::UserPoolClient             Fri Jul 17 2026 14:38:10 GMT+0000 (Coordinated Universal Time) Resource creation Initiated
                                 CREATE_COMPLETE    UserPoolClientWeb                                            AWS::Cognito::UserPoolClient             Fri Jul 17 2026 14:38:10 GMT+0000 (Coordinated Universal Time)
                                 CREATE_COMPLETE    UserPoolClient                                               AWS::Cognito::UserPoolClient             Fri Jul 17 2026 14:38:11 GMT+0000 (Coordinated Universal Time)
                                 CREATE_IN_PROGRESS IdentityPool                                                 AWS::Cognito::IdentityPool               Fri Jul 17 2026 14:38:11 GMT+0000 (Coordinated Universal Time)
                                 CREATE_IN_PROGRESS IdentityPool                                                 AWS::Cognito::IdentityPool               Fri Jul 17 2026 14:38:12 GMT+0000 (Coordinated Universal Time) Resource creation Initiated
                                 CREATE_COMPLETE    IdentityPool                                                 AWS::Cognito::IdentityPool               Fri Jul 17 2026 14:38:13 GMT+0000 (Coordinated Universal Time)
                                 CREATE_IN_PROGRESS IdentityPoolRoleMap                                          AWS::Cognito::IdentityPoolRoleAttachment Fri Jul 17 2026 14:38:13 GMT+0000 (Coordinated Universal Time)
                                 CREATE_IN_PROGRESS IdentityPoolRoleMap                                          AWS::Cognito::IdentityPoolRoleAttachment Fri Jul 17 2026 14:38:14 GMT+0000 (Coordinated Universal Time) Resource creation Initiated
                                 CREATE_COMPLETE    IdentityPoolRoleMap                                          AWS::Cognito::IdentityPoolRoleAttachment Fri Jul 17 2026 14:38:15 GMT+0000 (Coordinated Universal Time)
2026-07-17T14:38:19.033Z [INFO]: 
2026-07-17T14:38:19.033Z [INFO]: CREATE_COMPLETE    LambdaExecutionRole   AWS::IAM::Role        Fri Jul 17 2026 14:38:06 GMT+0000 (Coordinated Universal Time)
                                 CREATE_IN_PROGRESS LambdaFunction        AWS::Lambda::Function Fri Jul 17 2026 14:38:07 GMT+0000 (Coordinated Universal Time)
                                 CREATE_IN_PROGRESS LambdaFunction        AWS::Lambda::Function Fri Jul 17 2026 14:38:08 GMT+0000 (Coordinated Universal Time) Resource creation Initiated
                                 CREATE_COMPLETE    LambdaFunction        AWS::Lambda::Function Fri Jul 17 2026 14:38:16 GMT+0000 (Coordinated Universal Time)
                                 CREATE_IN_PROGRESS lambdaexecutionpolicy AWS::IAM::Policy      Fri Jul 17 2026 14:38:17 GMT+0000 (Coordinated Universal Time)
                                 CREATE_IN_PROGRESS lambdaexecutionpolicy AWS::IAM::Policy      Fri Jul 17 2026 14:38:17 GMT+0000 (Coordinated Universal Time) Resource creation Initiated
2026-07-17T14:38:19.137Z [INFO]: 
2026-07-17T14:38:19.138Z [INFO]: CREATE_COMPLETE    S3Bucket               AWS::S3::Bucket               Fri Jul 17 2026 14:38:02 GMT+0000 (Coordinated Universal Time)
                                 CREATE_IN_PROGRESS PrivateBucketPolicy    AWS::S3::BucketPolicy         Fri Jul 17 2026 14:38:03 GMT+0000 (Coordinated Universal Time)
                                 CREATE_IN_PROGRESS CloudFrontDistribution AWS::CloudFront::Distribution Fri Jul 17 2026 14:38:03 GMT+0000 (Coordinated Universal Time)
                                 CREATE_IN_PROGRESS PrivateBucketPolicy    AWS::S3::BucketPolicy         Fri Jul 17 2026 14:38:03 GMT+0000 (Coordinated Universal Time) Failed to check if S3 Bucket Policy already exists due to lack of describe permission, you might be overriding or adopting an existing policy on this Bucket
                                 CREATE_IN_PROGRESS PrivateBucketPolicy    AWS::S3::BucketPolicy         Fri Jul 17 2026 14:38:04 GMT+0000 (Coordinated Universal Time) Resource creation Initiated
                                 CREATE_COMPLETE    PrivateBucketPolicy    AWS::S3::BucketPolicy         Fri Jul 17 2026 14:38:04 GMT+0000 (Coordinated Universal Time)
                                 CREATE_IN_PROGRESS CloudFrontDistribution AWS::CloudFront::Distribution Fri Jul 17 2026 14:38:05 GMT+0000 (Coordinated Universal Time) Resource creation Initiated
2026-07-17T14:38:48.876Z [INFO]: 
2026-07-17T14:38:48.881Z [INFO]: CREATE_COMPLETE             UpdateRolesWithIDPFunctionRole AWS::IAM::Role             Fri Jul 17 2026 14:38:19 GMT+0000 (Coordinated Universal Time)
                                 CREATE_FAILED               authyaadfeedappnew             AWS::CloudFormation::Stack Fri Jul 17 2026 14:38:36 GMT+0000 (Coordinated Universal Time) Embedded stack arn:aws:cloudformation:us-east-1:791614298073:stack/amplify-yaadfeed-main-07165-authyaadfeedappnew-1JXAT58RT4O07/1d2a74f0-81ed-11f1-a2ff-0e434689437d was not successfully created: Unable to retrieve Name attribute for AWS::Cognito::IdentityPool, with error message User: arn:aws:sts::791614298073:assumed-role/AmplifyConsoleServiceRole-aibridix/BuildSession is not authorized to perform: cognito-identity:ListTagsForResource on resource: arn:aws:cognito-identity:us-east-1:791614298073:identitypool/us-east-1:4e3f3631-2e5a-49b1-8639-50bfe5b960ab because no identity-based policy allows the cognito-identity:ListTagsForResource action (Service: CognitoIdentity, Status Code: 400, Request ID: 771a884e-8a73-4764-abf9-314abb0de3f5) (SDK Attempt Count: 1)
                                 CREATE_FAILED               functionyaadfeedappnew1c498b4c AWS::CloudFormation::Stack Fri Jul 17 2026 14:38:36 GMT+0000 (Coordinated Universal Time) Resource creation cancelled
                                 CREATE_FAILED               hostingS3AndCloudFront         AWS::CloudFormation::Stack Fri Jul 17 2026 14:38:36 GMT+0000 (Coordinated Universal Time) Resource creation cancelled
                                 UPDATE_ROLLBACK_IN_PROGRESS amplify-yaadfeed-main-07165    AWS::CloudFormation::Stack Fri Jul 17 2026 14:38:36 GMT+0000 (Coordinated Universal Time) The following resource(s) failed to create: [hostingS3AndCloudFront, authyaadfeedappnew, functionyaadfeedappnew1c498b4c].
                                 UPDATE_IN_PROGRESS          UnauthRole                     AWS::IAM::Role             Fri Jul 17 2026 14:38:38 GMT+0000 (Coordinated Universal Time)
                                 UPDATE_IN_PROGRESS          DeploymentBucket               AWS::S3::Bucket            Fri Jul 17 2026 14:38:39 GMT+0000 (Coordinated Universal Time)
                                 UPDATE_IN_PROGRESS          AuthRole                       AWS::IAM::Role             Fri Jul 17 2026 14:38:39 GMT+0000 (Coordinated Universal Time)
2026-07-17T14:38:49.135Z [INFO]: 
2026-07-17T14:38:49.135Z [INFO]: CREATE_COMPLETE lambdaexecutionpolicy                                                    AWS::IAM::Policy           Fri Jul 17 2026 14:38:33 GMT+0000 (Coordinated Universal Time)
                                 CREATE_COMPLETE amplify-yaadfeed-main-07165-functionyaadfeedappnew1c498b4c-1HAO8E5HQESRZ AWS::CloudFormation::Stack Fri Jul 17 2026 14:38:34 GMT+0000 (Coordinated Universal Time)
2026-07-17T14:38:49.236Z [INFO]: 
2026-07-17T14:38:49.237Z [INFO]: CREATE_COMPLETE UserPoolClientRole                                           AWS::IAM::Role             Fri Jul 17 2026 14:38:24 GMT+0000 (Coordinated Universal Time)
                                 CREATE_FAILED   amplify-yaadfeed-main-07165-authyaadfeedappnew-1JXAT58RT4O07 AWS::CloudFormation::Stack Fri Jul 17 2026 14:38:25 GMT+0000 (Coordinated Universal Time) Unable to retrieve Name attribute for AWS::Cognito::IdentityPool, with error message User: arn:aws:sts::791614298073:assumed-role/AmplifyConsoleServiceRole-aibridix/BuildSession is not authorized to perform: cognito-identity:ListTagsForResource on resource: arn:aws:cognito-identity:us-east-1:791614298073:identitypool/us-east-1:4e3f3631-2e5a-49b1-8639-50bfe5b960ab because no identity-based policy allows the cognito-identity:ListTagsForResource action (Service: CognitoIdentity, Status Code: 400, Request ID: 771a884e-8a73-4764-abf9-314abb0de3f5) (SDK Attempt Count: 1)
2026-07-17T14:39:18.909Z [INFO]: 
2026-07-17T14:39:18.914Z [INFO]: UPDATE_COMPLETE                              UnauthRole                     AWS::IAM::Role             Fri Jul 17 2026 14:38:55 GMT+0000 (Coordinated Universal Time)
                                 UPDATE_COMPLETE                              AuthRole                       AWS::IAM::Role             Fri Jul 17 2026 14:38:55 GMT+0000 (Coordinated Universal Time)
                                 UPDATE_COMPLETE                              DeploymentBucket               AWS::S3::Bucket            Fri Jul 17 2026 14:39:02 GMT+0000 (Coordinated Universal Time)
                                 UPDATE_ROLLBACK_COMPLETE_CLEANUP_IN_PROGRESS amplify-yaadfeed-main-07165    AWS::CloudFormation::Stack Fri Jul 17 2026 14:39:02 GMT+0000 (Coordinated Universal Time)
                                 DELETE_IN_PROGRESS                           UpdateRolesWithIDPFunctionRole AWS::IAM::Role             Fri Jul 17 2026 14:39:03 GMT+0000 (Coordinated Universal Time)
                                 DELETE_IN_PROGRESS                           hostingS3AndCloudFront         AWS::CloudFormation::Stack Fri Jul 17 2026 14:39:03 GMT+0000 (Coordinated Universal Time)
                                 DELETE_IN_PROGRESS                           authyaadfeedappnew             AWS::CloudFormation::Stack Fri Jul 17 2026 14:39:03 GMT+0000 (Coordinated Universal Time)
                                 DELETE_IN_PROGRESS                           functionyaadfeedappnew1c498b4c AWS::CloudFormation::Stack Fri Jul 17 2026 14:39:03 GMT+0000 (Coordinated Universal Time)
                                 DELETE_COMPLETE                              UpdateRolesWithIDPFunctionRole AWS::IAM::Role             Fri Jul 17 2026 14:39:15 GMT+0000 (Coordinated Universal Time)
2026-07-17T14:39:18.962Z [INFO]: 
2026-07-17T14:39:18.962Z [INFO]: DELETE_IN_PROGRESS amplify-yaadfeed-main-07165-functionyaadfeedappnew1c498b4c-1HAO8E5HQESRZ AWS::CloudFormation::Stack Fri Jul 17 2026 14:39:03 GMT+0000 (Coordinated Universal Time) User Initiated
                                 DELETE_IN_PROGRESS lambdaexecutionpolicy                                                    AWS::IAM::Policy           Fri Jul 17 2026 14:39:05 GMT+0000 (Coordinated Universal Time)
                                 DELETE_COMPLETE    lambdaexecutionpolicy                                                    AWS::IAM::Policy           Fri Jul 17 2026 14:39:06 GMT+0000 (Coordinated Universal Time)
                                 DELETE_IN_PROGRESS LambdaFunction                                                           AWS::Lambda::Function      Fri Jul 17 2026 14:39:06 GMT+0000 (Coordinated Universal Time)
                                 DELETE_COMPLETE    LambdaFunction                                                           AWS::Lambda::Function      Fri Jul 17 2026 14:39:10 GMT+0000 (Coordinated Universal Time)
                                 DELETE_IN_PROGRESS LambdaExecutionRole                                                      AWS::IAM::Role             Fri Jul 17 2026 14:39:10 GMT+0000 (Coordinated Universal Time)
2026-07-17T14:39:19.066Z [INFO]: 
2026-07-17T14:39:19.068Z [INFO]: DELETE_IN_PROGRESS amplify-yaadfeed-main-07165-authyaadfeedappnew-1JXAT58RT4O07 AWS::CloudFormation::Stack               Fri Jul 17 2026 14:39:03 GMT+0000 (Coordinated Universal Time) User Initiated
                                 DELETE_IN_PROGRESS UserPoolClientRole                                           AWS::IAM::Role                           Fri Jul 17 2026 14:39:05 GMT+0000 (Coordinated Universal Time)
                                 DELETE_IN_PROGRESS IdentityPoolRoleMap                                          AWS::Cognito::IdentityPoolRoleAttachment Fri Jul 17 2026 14:39:05 GMT+0000 (Coordinated Universal Time)
                                 DELETE_COMPLETE    IdentityPoolRoleMap                                          AWS::Cognito::IdentityPoolRoleAttachment Fri Jul 17 2026 14:39:06 GMT+0000 (Coordinated Universal Time)
                                 DELETE_IN_PROGRESS IdentityPool                                                 AWS::Cognito::IdentityPool               Fri Jul 17 2026 14:39:06 GMT+0000 (Coordinated Universal Time)
                                 DELETE_COMPLETE    IdentityPool                                                 AWS::Cognito::IdentityPool               Fri Jul 17 2026 14:39:08 GMT+0000 (Coordinated Universal Time)
                                 DELETE_IN_PROGRESS UserPoolClient                                               AWS::Cognito::UserPoolClient             Fri Jul 17 2026 14:39:08 GMT+0000 (Coordinated Universal Time)
                                 DELETE_IN_PROGRESS UserPoolClientWeb                                            AWS::Cognito::UserPoolClient             Fri Jul 17 2026 14:39:08 GMT+0000 (Coordinated Universal Time)
                                 DELETE_COMPLETE    UserPoolClient                                               AWS::Cognito::UserPoolClient             Fri Jul 17 2026 14:39:09 GMT+0000 (Coordinated Universal Time)
                                 DELETE_COMPLETE    UserPoolClientWeb                                            AWS::Cognito::UserPoolClient             Fri Jul 17 2026 14:39:09 GMT+0000 (Coordinated Universal Time)
                                 DELETE_IN_PROGRESS UserPool                                                     AWS::Cognito::UserPool                   Fri Jul 17 2026 14:39:09 GMT+0000 (Coordinated Universal Time)
                                 DELETE_COMPLETE    UserPool                                                     AWS::Cognito::UserPool                   Fri Jul 17 2026 14:39:10 GMT+0000 (Coordinated Universal Time)
2026-07-17T14:39:19.162Z [INFO]: 
2026-07-17T14:39:19.163Z [INFO]: DELETE_IN_PROGRESS amplify-yaadfeed-main-07165-hostingS3AndCloudFront-BW84H5CFWYLG AWS::CloudFormation::Stack    Fri Jul 17 2026 14:39:03 GMT+0000 (Coordinated Universal Time) User Initiated
                                 CREATE_FAILED      CloudFrontDistribution                                          AWS::CloudFront::Distribution Fri Jul 17 2026 14:39:04 GMT+0000 (Coordinated Universal Time) Resource creation cancelled
                                 DELETE_IN_PROGRESS PrivateBucketPolicy                                             AWS::S3::BucketPolicy         Fri Jul 17 2026 14:39:09 GMT+0000 (Coordinated Universal Time)
                                 DELETE_IN_PROGRESS CloudFrontDistribution                                          AWS::CloudFront::Distribution Fri Jul 17 2026 14:39:09 GMT+0000 (Coordinated Universal Time)
                                 DELETE_COMPLETE    PrivateBucketPolicy                                             AWS::S3::BucketPolicy         Fri Jul 17 2026 14:39:10 GMT+0000 (Coordinated Universal Time)
2026-07-17T14:39:48.910Z [INFO]: 
2026-07-17T14:39:48.914Z [INFO]: DELETE_COMPLETE authyaadfeedappnew             AWS::CloudFormation::Stack Fri Jul 17 2026 14:39:25 GMT+0000 (Coordinated Universal Time)
                                 DELETE_COMPLETE functionyaadfeedappnew1c498b4c AWS::CloudFormation::Stack Fri Jul 17 2026 14:39:25 GMT+0000 (Coordinated Universal Time)
2026-07-17T14:41:48.967Z [INFO]: 
2026-07-17T14:41:48.971Z [INFO]: DELETE_COMPLETE          hostingS3AndCloudFront      AWS::CloudFormation::Stack Fri Jul 17 2026 14:41:40 GMT+0000 (Coordinated Universal Time)
                                 UPDATE_ROLLBACK_COMPLETE amplify-yaadfeed-main-07165 AWS::CloudFormation::Stack Fri Jul 17 2026 14:41:41 GMT+0000 (Coordinated Universal Time)
2026-07-17T14:43:39.359Z [INFO]: [K
2026-07-17T14:43:44.364Z [INFO]: 🛑 The following resources failed to deploy:
                                 Resource Name: authyaadfeedappnew (AWS::CloudFormation::Stack)
                                 Event Type: create
                                 Reason: Embedded stack arn:aws:cloudformation:us-east-1:791614298073:stack/amplify-yaadfeed-main-07165-authyaadfeedappnew-1JXAT58RT4O07/1d2a74f0-81ed-11f1-a2ff-0e434689437d was not successfully created: Unable to retrieve Name attribute for AWS::Cognito::IdentityPool, with error message User: arn:aws:sts::791614298073:assumed-role/AmplifyConsoleServiceRole-aibridix/BuildSession is not authorized to perform: cognito-identity:ListTagsForResource on resource: arn:aws:cognito-identity:us-east-1:791614298073:identitypool/us-east-1:4e3f3631-2e5a-49b1-8639-50bfe5b960ab because no identity-based policy allows the cognito-identity:ListTagsForResource action (Service: CognitoIdentity, Status Code: 400, Request ID: 771a884e-8a73-4764-abf9-314abb0de3f5) (SDK Attempt Count: 1)
2026-07-17T14:43:44.371Z [INFO]: [1A[K
                                 🛑 {"state":"FAILURE","reason":{"$metadata":{"httpStatusCode":200,"requestId":"0e77b92e-6be9-4405-a9fd-2f1a7d0d5bb9","attempts":1,"totalRetryDelay":0},"Stacks":[{"StackId":"arn:aws:cloudformation:us-east-1:791614298073:stack/amplify-yaadfeed-main-07165/a09d0290-81c9-11f1-af9c-0affe65e9d09","StackName":"amplify-yaadfeed-main-07165","Description":"{\"createdOn\":\"Linux\",\"createdBy\":\"AmplifyAdmin\",\"createdWith\":\"14.2.5-rc.f1edf0b714b0259.0\",\"stackType\":\"root\",\"metadata\":{\"whyContinueWithGen1\":\"Prefer not to answer\"}}","Parameters":[{"ParameterKey":"AuthRoleName","ParameterValue":"amplify-yaadfeed-main-07165-authRole"},{"ParameterKey":"DeploymentBucketName","ParameterValue":"amplify-yaadfeed-main-07165-deployment"},{"ParameterKey":"UnauthRoleName","ParameterValue":"amplify-yaadfeed-main-07165-unauthRole"}],"CreationTime":"2026-07-17T10:24:00.868Z","LastUpdatedTime":"2026-07-17T14:37:38.697Z","RollbackConfiguration":{},"StackStatus":"UPDATE_ROLLBACK_COMPLETE","DisableRollback":false,"NotificationARNs":[],"Capabilities":["CAPABILITY_NAMED_IAM","CAPABILITY_AUTO_EXPAND"],"Outputs":[{"OutputKey":"AuthRoleName","OutputValue":"amplify-yaadfeed-main-07165-authRole"},{"OutputKey":"UnauthRoleArn","OutputValue":"arn:aws:iam::791614298073:role/amplify-yaadfeed-main-07165-unauthRole"},{"OutputKey":"AuthRoleArn","OutputValue":"arn:aws:iam::791614298073:role/amplify-yaadfeed-main-07165-authRole"},{"OutputKey":"Region","OutputValue":"us-east-1","Description":"CloudFormation provider root stack Region","ExportName":"amplify-yaadfeed-main-07165-Region"},{"OutputKey":"DeploymentBucketName","OutputValue":"amplify-yaadfeed-main-07165-deployment","Description":"CloudFormation provider root stack deployment bucket name","ExportName":"amplify-yaadfeed-main-07165-DeploymentBucketName"},{"OutputKey":"UnauthRoleName","OutputValue":"amplify-yaadfeed-main-07165-unauthRole"},{"OutputKey":"StackName","OutputValue":"amplify-yaadfeed-main-07165","Description":"CloudFormation provider root stack ID","ExportName":"amplify-yaadfeed-main-07165-StackName"},{"OutputKey":"StackId","OutputValue":"arn:aws:cloudformation:us-east-1:791614298073:stack/amplify-yaadfeed-main-07165/a09d0290-81c9-11f1-af9c-0affe65e9d09","Description":"CloudFormation provider root stack name","ExportName":"amplify-yaadfeed-main-07165-StackId"}],"Tags":[{"Key":"user:Application","Value":"yaadfeed"},{"Key":"user:Stack","Value":"main"}],"EnableTerminationProtection":false,"DriftInformation":{"StackDriftStatus":"NOT_CHECKED"}}]},"observedResponses":{"200: OK":6}}
                                 Learn more at: https://docs.amplify.aws/cli/project/troubleshooting/
2026-07-17T14:43:44.371Z [WARNING]: ✖ There was an error initializing your environment.
2026-07-17T14:43:44.382Z [INFO]: Session Identifier: 5ff3eeaa-fefe-4921-812c-f76cc6b6ee7c
2026-07-17T14:43:44.491Z [ERROR]: !!! Build failed
2026-07-17T14:43:44.491Z [INFO]: Please read more about Amplify Hosting's support for SSR frameworks to find if your build failure is related to an unsupported feature: https://docs.aws.amazon.com/amplify/latest/userguide/amplify-ssr-framework-support.html. You may also find this troubleshooting guide useful: https://docs.aws.amazon.com/amplify/latest/userguide/troubleshooting-ssr-deployment.html
2026-07-17T14:43:44.491Z [ERROR]: !!! Error: Command failed with exit code 1
2026-07-17T14:43:44.491Z [INFO]: # Starting environment caching...
2026-07-17T14:43:44.492Z [INFO]: # Environment caching completed

